2025-05-02 16:10:09,709 - miku_bot_direct - INFO - ============================================================
2025-05-02 16:10:09,709 - miku_bot_direct - INFO - 🚀 DIRECT MIKU BOT LAUNCHER 🚀
2025-05-02 16:10:09,709 - miku_bot_direct - INFO - This bypasses main.py and Flask to avoid port conflicts
2025-05-02 16:10:09,709 - miku_bot_direct - INFO - ============================================================
2025-05-02 16:10:09,709 - miku_bot_direct - INFO - Killing any competing processes...
2025-05-02 16:10:10,731 - miku_bot_direct - INFO - Found bot script: /home/runner/workspace/direct_miku_bot.py
2025-05-02 16:10:10,733 - miku_bot_direct - INFO - Executing direct_miku_bot.py...
2025-05-02 16:12:26,176 - miku_bot_direct - INFO - ============================================================
2025-05-02 16:12:26,176 - miku_bot_direct - INFO - 🚀 DIRECT MIKU BOT LAUNCHER 🚀
2025-05-02 16:12:26,176 - miku_bot_direct - INFO - This bypasses main.py and Flask to avoid port conflicts
2025-05-02 16:12:26,176 - miku_bot_direct - INFO - ============================================================
2025-05-02 16:12:26,176 - miku_bot_direct - INFO - Killing any competing processes...
2025-05-02 16:12:27,198 - miku_bot_direct - INFO - Found bot script: /home/runner/workspace/direct_miku_bot.py
2025-05-02 16:12:27,201 - miku_bot_direct - INFO - Executing direct_miku_bot.py...
2025-05-02 16:12:40,576 - miku_bot_direct - INFO - ============================================================
2025-05-02 16:12:40,576 - miku_bot_direct - INFO - 🚀 DIRECT MIKU BOT LAUNCHER 🚀
2025-05-02 16:12:40,576 - miku_bot_direct - INFO - This bypasses main.py and Flask to avoid port conflicts
2025-05-02 16:12:40,576 - miku_bot_direct - INFO - ============================================================
2025-05-02 16:12:40,576 - miku_bot_direct - INFO - Killing any competing processes...
2025-05-02 16:12:41,592 - miku_bot_direct - INFO - Found bot script: /home/runner/workspace/direct_miku_bot.py
2025-05-02 16:12:41,594 - miku_bot_direct - INFO - Executing direct_miku_bot.py...
2025-05-02 16:15:22,653 - miku_bot_direct - INFO - ============================================================
2025-05-02 16:15:22,653 - miku_bot_direct - INFO - 🚀 DIRECT MIKU BOT LAUNCHER 🚀
2025-05-02 16:15:22,653 - miku_bot_direct - INFO - This bypasses main.py and Flask to avoid port conflicts
2025-05-02 16:15:22,654 - miku_bot_direct - INFO - ============================================================
2025-05-02 16:15:22,654 - miku_bot_direct - INFO - Killing any competing processes...
2025-05-02 16:15:23,679 - miku_bot_direct - INFO - Found bot script: /home/runner/workspace/direct_miku_bot.py
2025-05-02 16:15:23,683 - miku_bot_direct - INFO - Executing direct_miku_bot.py...
2025-05-02 16:15:58,404 - miku_bot_direct - INFO - ============================================================
2025-05-02 16:15:58,404 - miku_bot_direct - INFO - 🚀 DIRECT MIKU BOT LAUNCHER 🚀
2025-05-02 16:15:58,404 - miku_bot_direct - INFO - This bypasses main.py and Flask to avoid port conflicts
2025-05-02 16:15:58,405 - miku_bot_direct - INFO - ============================================================
2025-05-02 16:15:58,405 - miku_bot_direct - INFO - Killing any competing processes...
2025-05-02 16:15:59,427 - miku_bot_direct - INFO - Found bot script: /home/runner/workspace/direct_miku_bot.py
2025-05-02 16:15:59,430 - miku_bot_direct - INFO - Executing direct_miku_bot.py...
2025-05-02 16:16:36,706 - miku_bot_direct - INFO - ============================================================
2025-05-02 16:16:36,707 - miku_bot_direct - INFO - 🚀 DIRECT MIKU BOT LAUNCHER 🚀
2025-05-02 16:16:36,707 - miku_bot_direct - INFO - This bypasses main.py and Flask to avoid port conflicts
2025-05-02 16:16:36,707 - miku_bot_direct - INFO - ============================================================
2025-05-02 16:16:36,707 - miku_bot_direct - INFO - Killing any competing processes...
2025-05-02 16:16:37,725 - miku_bot_direct - INFO - Found bot script: /home/runner/workspace/direct_miku_bot.py
2025-05-02 16:16:37,728 - miku_bot_direct - INFO - Executing direct_miku_bot.py...
2025-05-02 16:17:24,317 - miku_bot_direct - INFO - ============================================================
2025-05-02 16:17:24,317 - miku_bot_direct - INFO - 🚀 DIRECT MIKU BOT LAUNCHER 🚀
2025-05-02 16:17:24,318 - miku_bot_direct - INFO - This bypasses main.py and Flask to avoid port conflicts
2025-05-02 16:17:24,318 - miku_bot_direct - INFO - ============================================================
2025-05-02 16:17:24,318 - miku_bot_direct - INFO - Killing any competing processes...
2025-05-02 16:17:25,342 - miku_bot_direct - INFO - Found bot script: /home/runner/workspace/direct_miku_bot.py
2025-05-02 16:17:25,346 - miku_bot_direct - INFO - Executing direct_miku_bot.py...
2025-05-02 16:18:19,854 - miku_bot_direct - INFO - ============================================================
2025-05-02 16:18:19,854 - miku_bot_direct - INFO - 🚀 DIRECT MIKU BOT LAUNCHER 🚀
2025-05-02 16:18:19,854 - miku_bot_direct - INFO - This bypasses main.py and Flask to avoid port conflicts
2025-05-02 16:18:19,854 - miku_bot_direct - INFO - ============================================================
2025-05-02 16:18:19,854 - miku_bot_direct - INFO - Killing any competing processes...
2025-05-02 16:18:20,871 - miku_bot_direct - INFO - Found bot script: /home/runner/workspace/direct_miku_bot.py
2025-05-02 16:18:20,874 - miku_bot_direct - INFO - Executing direct_miku_bot.py...
2025-05-02 16:18:27,440 - miku_bot_direct - INFO - ============================================================
2025-05-02 16:18:27,441 - miku_bot_direct - INFO - 🚀 DIRECT MIKU BOT LAUNCHER 🚀
2025-05-02 16:18:27,441 - miku_bot_direct - INFO - This bypasses main.py and Flask to avoid port conflicts
2025-05-02 16:18:27,441 - miku_bot_direct - INFO - ============================================================
2025-05-02 16:18:27,441 - miku_bot_direct - INFO - Killing any competing processes...
2025-05-02 16:18:28,459 - miku_bot_direct - INFO - Found bot script: /home/runner/workspace/direct_miku_bot.py
2025-05-02 16:18:28,462 - miku_bot_direct - INFO - Executing direct_miku_bot.py...
2025-05-02 16:18:46,793 - miku_bot_direct - INFO - ============================================================
2025-05-02 16:18:46,794 - miku_bot_direct - INFO - 🚀 DIRECT MIKU BOT LAUNCHER 🚀
2025-05-02 16:18:46,795 - miku_bot_direct - INFO - This bypasses main.py and Flask to avoid port conflicts
2025-05-02 16:18:46,795 - miku_bot_direct - INFO - ============================================================
2025-05-02 16:18:46,796 - miku_bot_direct - INFO - Killing any competing processes...
2025-05-02 16:18:47,843 - miku_bot_direct - INFO - Found bot script: /home/runner/workspace/direct_miku_bot.py
2025-05-02 16:18:47,845 - miku_bot_direct - INFO - Executing direct_miku_bot.py...
2025-05-02 16:21:38,038 - miku_bot_direct - INFO - ============================================================
2025-05-02 16:21:38,039 - miku_bot_direct - INFO - 🚀 DIRECT MIKU BOT LAUNCHER 🚀
2025-05-02 16:21:38,039 - miku_bot_direct - INFO - This bypasses main.py and Flask to avoid port conflicts
2025-05-02 16:21:38,040 - miku_bot_direct - INFO - ============================================================
2025-05-02 16:21:38,040 - miku_bot_direct - INFO - Killing any competing processes...
2025-05-02 16:21:39,058 - miku_bot_direct - INFO - Found bot script: /home/runner/workspace/direct_miku_bot.py
2025-05-02 16:21:39,060 - miku_bot_direct - INFO - Executing direct_miku_bot.py...
